2026-07-31 09:32:35,260 1 INFO ? odoo: Odoo version 17.0-20260630 
2026-07-31 09:32:35,260 1 INFO ? odoo: Using configuration file at /etc/odoo/odoo.conf 
2026-07-31 09:32:35,261 1 INFO ? odoo: addons paths: ['/usr/lib/python3/dist-packages/odoo/addons', '/var/lib/odoo/addons/17.0', '/mnt/extra-addons'] 
2026-07-31 09:32:35,261 1 INFO ? odoo: database: odoo@db:5432 
2026-07-31 09:32:35,587 1 INFO ? odoo.addons.base.models.ir_actions_report: Will use the Wkhtmltopdf binary at /usr/local/bin/wkhtmltopdf 
2026-07-31 09:32:37,128 1 INFO ? odoo.service.server: HTTP service (werkzeug) running on 83fdc160077f:8069 
2026-07-31 09:32:37,362 1 INFO pos_margin_sale_test odoo.modules.loading: loading 1 modules... 
2026-07-31 09:32:37,366 1 INFO pos_margin_sale_test odoo.modules.loading: 1 modules loaded in 0.00s, 0 queries (+0 extra) 
2026-07-31 09:32:37,416 1 INFO pos_margin_sale_test odoo.modules.loading: updating modules list 
2026-07-31 09:32:37,434 1 INFO pos_margin_sale_test odoo.addons.base.models.ir_module: ALLOW access to module.update_list on [] to user __system__ #1 via n/a 
2026-07-31 09:32:39,607 1 INFO pos_margin_sale_test odoo.addons.base.models.ir_module: ALLOW access to module.button_upgrade on ['POS Margin Threshold', 'Sale Margin Threshold', 'Pin Message in Chatter'] to user __system__ #1 via n/a 
2026-07-31 09:32:39,608 1 INFO pos_margin_sale_test odoo.addons.base.models.ir_module: ALLOW access to module.update_list on ['POS Margin Threshold', 'Sale Margin Threshold', 'Pin Message in Chatter'] to user __system__ #1 via n/a 
2026-07-31 09:32:39,998 1 INFO pos_margin_sale_test odoo.addons.base.models.ir_module: ALLOW access to module.button_install on [] to user __system__ #1 via n/a 
2026-07-31 09:32:40,105 1 INFO pos_margin_sale_test odoo.modules.loading: loading 66 modules... 
2026-07-31 09:32:40,456 1 INFO pos_margin_sale_test odoo.modules.loading: Loading module pin_message (27/66) 
2026-07-31 09:32:40,521 1 INFO pos_margin_sale_test odoo.modules.registry: module pin_message: creating or updating database tables 
2026-07-31 09:32:40,542 1 WARNING pos_margin_sale_test odoo.addons.base.models.ir_model: Two fields (is_pinned, pinned_at) of mail.message() have the same label: Pinned. [Modules: pin_message and mail] 
2026-07-31 09:32:40,543 1 WARNING pos_margin_sale_test odoo.addons.base.models.ir_model: Two fields (is_pinned, pinned_at) of mail.mail() have the same label: Pinned. [Modules: None and None] 
2026-07-31 09:32:40,609 1 INFO pos_margin_sale_test odoo.modules.loading: Module pin_message loaded in 0.15s, 54 queries (+54 other) 
2026-07-31 09:32:40,996 1 INFO pos_margin_sale_test odoo.modules.loading: Loading module pos_margin_threshold (58/66) 
2026-07-31 09:32:41,211 1 INFO pos_margin_sale_test odoo.modules.registry: module pos_margin_threshold: creating or updating database tables 
2026-07-31 09:32:41,825 1 INFO pos_margin_sale_test odoo.modules.loading: loading pos_margin_threshold/security/ir.model.access.csv 
2026-07-31 09:32:41,934 1 INFO pos_margin_sale_test odoo.modules.loading: loading pos_margin_threshold/views/res_config_settings.xml 
2026-07-31 09:32:42,577 1 INFO pos_margin_sale_test odoo.modules.loading: loading pos_margin_threshold/views/products.xml 
2026-07-31 09:32:42,626 1 INFO pos_margin_sale_test odoo.modules.loading: loading pos_margin_threshold/wizard/wizard_margin_product.xml 
2026-07-31 09:32:42,634 1 INFO pos_margin_sale_test odoo.modules.loading: Module pos_margin_threshold: loading demo 
2026-07-31 09:32:42,635 1 INFO pos_margin_sale_test odoo.modules.loading: loading pos_margin_threshold/demo/demo.xml 
2026-07-31 09:32:42,657 1 INFO pos_margin_sale_test odoo.modules.loading: Module pos_margin_threshold loaded in 1.66s, 293 queries (+293 other) 
2026-07-31 09:32:42,672 1 INFO pos_margin_sale_test odoo.modules.loading: Loading module sale_margin_threshold (61/66) 
2026-07-31 09:32:42,837 1 INFO pos_margin_sale_test odoo.modules.registry: module sale_margin_threshold: creating or updating database tables 
2026-07-31 09:32:42,966 1 INFO pos_margin_sale_test odoo.modules.loading: loading sale_margin_threshold/security/groups.xml 
2026-07-31 09:32:44,231 1 INFO pos_margin_sale_test odoo.modules.loading: loading sale_margin_threshold/security/ir.model.access.csv 
2026-07-31 09:32:44,253 1 INFO pos_margin_sale_test odoo.modules.loading: loading sale_margin_threshold/views/product_template_views.xml 
2026-07-31 09:32:44,284 1 INFO pos_margin_sale_test odoo.modules.loading: loading sale_margin_threshold/views/products.xml 
2026-07-31 09:32:44,332 1 INFO pos_margin_sale_test odoo.modules.loading: loading sale_margin_threshold/views/res_config_settings.xml 
2026-07-31 09:32:44,394 1 INFO pos_margin_sale_test odoo.modules.loading: loading sale_margin_threshold/views/sale_order.xml 
2026-07-31 09:32:44,413 1 INFO pos_margin_sale_test odoo.modules.loading: loading sale_margin_threshold/wizard/sale_confirmation.xml 
2026-07-31 09:32:44,422 1 INFO pos_margin_sale_test odoo.modules.loading: loading sale_margin_threshold/wizard/wizard_margin_product.xml 
2026-07-31 09:32:44,429 1 INFO pos_margin_sale_test odoo.modules.loading: Module sale_margin_threshold: loading demo 
2026-07-31 09:32:44,430 1 INFO pos_margin_sale_test odoo.modules.loading: loading sale_margin_threshold/demo/demo.xml 
2026-07-31 09:32:44,447 1 INFO pos_margin_sale_test odoo.modules.loading: Module sale_margin_threshold loaded in 1.78s, 366 queries (+366 other) 
2026-07-31 09:32:44,465 1 INFO pos_margin_sale_test odoo.modules.loading: 66 modules loaded in 4.36s, 713 queries (+713 extra) 
2026-07-31 09:32:44,698 1 INFO pos_margin_sale_test odoo.modules.registry: verifying fields for every extended model 
2026-07-31 09:32:44,747 1 WARNING pos_margin_sale_test odoo.addons.base.models.ir_model: Two fields (is_pinned, pinned_at) of mail.message() have the same label: Pinned. [Modules: pin_message and mail] 
2026-07-31 09:32:44,748 1 WARNING pos_margin_sale_test odoo.addons.base.models.ir_model: Two fields (is_pinned, pinned_at) of mail.mail() have the same label: Pinned. [Modules: None and None] 
2026-07-31 09:32:45,150 1 INFO pos_margin_sale_test odoo.modules.loading: Modules loaded. 
2026-07-31 09:32:45,186 1 INFO pos_margin_sale_test odoo.modules.registry: Registry loaded in 8.059s 
2026-07-31 09:32:56,075 1 INFO pos_margin_sale_test odoo.addons.base.models.ir_http: Generating routing map for key None 
2026-07-31 09:32:56,115 1 INFO pos_margin_sale_test odoo.addons.base.models.ir_attachment: _read_file reading /var/lib/odoo/filestore/pos_margin_sale_test/05/055ffc5cce56e142234ffc466012dff7edc2c7e7 
Traceback (most recent call last):
  File "/usr/lib/python3/dist-packages/odoo/tools/cache.py", line 99, in lookup
    r = d[key]
  File "<decorator-gen-5>", line 2, in __getitem__
  File "/usr/lib/python3/dist-packages/odoo/tools/func.py", line 87, in locked
    return func(inst, *args, **kwargs)
  File "/usr/lib/python3/dist-packages/odoo/tools/lru.py", line 34, in __getitem__
    a = self.d[obj]
KeyError: ('res.lang', <function Lang.get_available at 0x73e6b9023d90>)

During handling of the above exception, another exception occurred:

Traceback (most recent call last):
  File "/usr/lib/python3/dist-packages/odoo/addons/base/models/ir_attachment.py", line 128, in _file_read
    with open(full_path, 'rb') as f:
FileNotFoundError: [Errno 2] No such file or directory: '/var/lib/odoo/filestore/pos_margin_sale_test/05/055ffc5cce56e142234ffc466012dff7edc2c7e7'
2026-07-31 09:32:56,119 1 INFO pos_margin_sale_test odoo.addons.base.models.ir_attachment: _read_file reading /var/lib/odoo/filestore/pos_margin_sale_test/4d/4df107d37b0e444ee9fdf7f6c2dd4231c4c60e49 
Traceback (most recent call last):
  File "/usr/lib/python3/dist-packages/odoo/tools/cache.py", line 99, in lookup
    r = d[key]
  File "<decorator-gen-5>", line 2, in __getitem__
  File "/usr/lib/python3/dist-packages/odoo/tools/func.py", line 87, in locked
    return func(inst, *args, **kwargs)
  File "/usr/lib/python3/dist-packages/odoo/tools/lru.py", line 34, in __getitem__
    a = self.d[obj]
KeyError: ('res.lang', <function Lang.get_available at 0x73e6b9023d90>)

During handling of the above exception, another exception occurred:

Traceback (most recent call last):
  File "/usr/lib/python3/dist-packages/odoo/addons/base/models/ir_attachment.py", line 128, in _file_read
    with open(full_path, 'rb') as f:
FileNotFoundError: [Errno 2] No such file or directory: '/var/lib/odoo/filestore/pos_margin_sale_test/4d/4df107d37b0e444ee9fdf7f6c2dd4231c4c60e49'
2026-07-31 09:32:56,120 1 INFO pos_margin_sale_test odoo.addons.base.models.ir_attachment: _read_file reading /var/lib/odoo/filestore/pos_margin_sale_test/44/44d1661b24fa9f688091c8256535434b60aafba7 
Traceback (most recent call last):
  File "/usr/lib/python3/dist-packages/odoo/tools/cache.py", line 99, in lookup
    r = d[key]
  File "<decorator-gen-5>", line 2, in __getitem__
  File "/usr/lib/python3/dist-packages/odoo/tools/func.py", line 87, in locked
    return func(inst, *args, **kwargs)
  File "/usr/lib/python3/dist-packages/odoo/tools/lru.py", line 34, in __getitem__
    a = self.d[obj]
KeyError: ('res.lang', <function Lang.get_available at 0x73e6b9023d90>)

During handling of the above exception, another exception occurred:

Traceback (most recent call last):
  File "/usr/lib/python3/dist-packages/odoo/addons/base/models/ir_attachment.py", line 128, in _file_read
    with open(full_path, 'rb') as f:
FileNotFoundError: [Errno 2] No such file or directory: '/var/lib/odoo/filestore/pos_margin_sale_test/44/44d1661b24fa9f688091c8256535434b60aafba7'
2026-07-31 09:32:56,349 1 INFO pos_margin_sale_test werkzeug: 172.21.0.1 - - [31/Jul/2026 09:32:56] "GET /odoo/settings HTTP/1.1" 404 - 86 0.031 0.245
2026-07-31 09:32:56,424 1 INFO pos_margin_sale_test werkzeug: 172.21.0.1 - - [31/Jul/2026 09:32:56] "GET /logo.png?company=1 HTTP/1.1" 200 - 7 0.010 0.042
2026-07-31 09:32:56,446 1 INFO ? werkzeug: 172.21.0.1 - - [31/Jul/2026 09:32:56] "GET /web/static/src/libs/fontawesome/fonts/fontawesome-webfont.woff2?v=4.7.0 HTTP/1.1" 200 - 0 0.000 0.078
2026-07-31 09:32:57,320 1 INFO pos_margin_sale_test odoo.addons.base.models.assetsbundle: Generating a new asset bundle attachment /web/assets/faac1d0/web.assets_frontend.min.css (id:850) 
2026-07-31 09:32:57,320 1 INFO pos_margin_sale_test odoo.addons.base.models.assetsbundle: Generating a new asset bundle attachment /web/assets/faac1d0/web.assets_frontend.min.css (id:851) 
2026-07-31 09:32:57,323 1 INFO pos_margin_sale_test werkzeug: 172.21.0.1 - - [31/Jul/2026 09:32:57] "GET /web/assets/faac1d0/web.assets_frontend.min.css HTTP/1.1" 200 - 17 0.042 0.913
2026-07-31 09:32:57,338 1 INFO pos_margin_sale_test werkzeug: 172.21.0.1 - - [31/Jul/2026 09:32:57] "GET /web_editor/shape/http_routing/404.svg?c2=o-color-2 HTTP/1.1" 400 - 29 0.030 0.936
2026-07-31 09:32:57,349 1 INFO pos_margin_sale_test odoo.addons.base.models.assetsbundle: Generating a new asset bundle attachment /web/assets/5ec42d9/web.assets_frontend_minimal.min.js (id:852) 
2026-07-31 09:32:57,351 1 INFO pos_margin_sale_test werkzeug: 172.21.0.1 - - [31/Jul/2026 09:32:57] "GET /web/assets/5ec42d9/web.assets_frontend_minimal.min.js HTTP/1.1" 200 - 12 0.007 0.014
2026-07-31 09:32:57,372 1 INFO ? werkzeug: 172.21.0.1 - - [31/Jul/2026 09:32:57] "GET /web/static/img/odoo_logo_tiny.png HTTP/1.1" 200 - 0 0.000 0.001
2026-07-31 09:32:57,429 1 INFO ? werkzeug: 172.21.0.1 - - [31/Jul/2026 09:32:57] "GET /web/static/img/favicon.ico HTTP/1.1" 200 - 0 0.000 0.001
2026-07-31 09:32:57,759 1 INFO pos_margin_sale_test odoo.addons.base.models.assetsbundle: Generating a new asset bundle attachment /web/assets/c84f785/web.assets_frontend_lazy.min.js (id:853) 
2026-07-31 09:32:57,761 1 INFO pos_margin_sale_test werkzeug: 172.21.0.1 - - [31/Jul/2026 09:32:57] "GET /web/assets/c84f785/web.assets_frontend_lazy.min.js HTTP/1.1" 200 - 12 0.004 0.331
2026-07-31 09:32:57,946 1 INFO pos_margin_sale_test werkzeug: 172.21.0.1 - - [31/Jul/2026 09:32:57] "GET /website/translations/881444bb2e0ecf45757d289074b4f862c3b7b725 HTTP/1.1" 200 - 9 0.002 0.005
2026-07-31 09:33:26,354 1 INFO pos_margin_sale_test werkzeug: 172.21.0.1 - - [31/Jul/2026 09:33:26] "GET /web/login HTTP/1.1" 200 - 18 0.004 0.018
2026-07-31 09:33:26,371 1 INFO pos_margin_sale_test werkzeug: 172.21.0.1 - - [31/Jul/2026 09:33:26] "GET /web/binary/company_logo HTTP/1.1" 200 - 5 0.002 0.005
2026-07-31 09:33:26,390 1 INFO pos_margin_sale_test werkzeug: 172.21.0.1 - - [31/Jul/2026 09:33:26] "GET /favicon.ico HTTP/1.1" 404 - 10 0.003 0.007
2026-07-31 09:33:26,465 1 INFO pos_margin_sale_test werkzeug: 172.21.0.1 - - [31/Jul/2026 09:33:26] "GET /website/translations/a0904ff8e2c6bfa6bb5d9f87c1ef6d45fe749aa6 HTTP/1.1" 200 - 9 0.002 0.005
2026-07-31 09:33:45,235 1 INFO pos_margin_sale_test odoo.addons.base.models.ir_cron: Starting job `Base: Auto-vacuum internal data`. 
2026-07-31 09:33:45,252 1 INFO pos_margin_sale_test odoo.addons.base.models.ir_attachment: filestore gc 3 checked, 0 removed 
2026-07-31 09:33:45,288 1 INFO pos_margin_sale_test odoo.addons.base.models.res_users: GC'd 0 user log entries 
2026-07-31 09:33:45,308 1 INFO pos_margin_sale_test odoo.addons.auth_totp.models.auth_totp: GC'd 0 totp devices entries 
2026-07-31 09:33:45,322 1 INFO pos_margin_sale_test odoo.models.unlink: User #1 deleted bus.bus records with IDs: [1, 2, 3, 4, 5] 
2026-07-31 09:33:45,398 1 INFO pos_margin_sale_test odoo.addons.sms.models.sms_sms: GC'd 0 sms marked for deletion 
2026-07-31 09:33:45,513 1 INFO pos_margin_sale_test odoo.addons.base.models.ir_cron: Job done: `Base: Auto-vacuum internal data` (0.278s). 
2026-07-31 09:33:45,520 1 INFO pos_margin_sale_test odoo.addons.base.models.ir_cron: Starting job `Base: Portal Users Deletion`. 
2026-07-31 09:33:45,524 1 INFO pos_margin_sale_test odoo.addons.base.models.ir_cron: Job done: `Base: Portal Users Deletion` (0.003s). 
2026-07-31 09:33:45,531 1 INFO pos_margin_sale_test odoo.addons.base.models.ir_cron: Starting job `Mail: Email Queue Manager`. 
2026-07-31 09:33:45,536 1 INFO pos_margin_sale_test odoo.addons.base.models.ir_cron: Job done: `Mail: Email Queue Manager` (0.005s). 
2026-07-31 09:33:45,542 1 INFO pos_margin_sale_test odoo.addons.base.models.ir_cron: Starting job `Notification: Delete Notifications older than 6 Month`. 
2026-07-31 09:33:45,549 1 INFO pos_margin_sale_test odoo.addons.base.models.ir_cron: Job done: `Notification: Delete Notifications older than 6 Month` (0.005s). 
2026-07-31 09:33:45,557 1 INFO pos_margin_sale_test odoo.addons.base.models.ir_cron: Starting job `Notification: Send scheduled message notifications`. 
2026-07-31 09:33:45,562 1 INFO pos_margin_sale_test odoo.addons.base.models.ir_cron: Job done: `Notification: Send scheduled message notifications` (0.003s). 
2026-07-31 09:33:45,571 1 INFO pos_margin_sale_test odoo.addons.base.models.ir_cron: Starting job `Mail: send web push notification`. 
2026-07-31 09:33:45,576 1 INFO pos_margin_sale_test odoo.addons.base.models.ir_cron: Job done: `Mail: send web push notification` (0.003s). 
2026-07-31 09:33:45,583 1 INFO pos_margin_sale_test odoo.addons.base.models.ir_cron: Starting job `Discuss: channel member unmute`. 
2026-07-31 09:33:45,588 1 INFO pos_margin_sale_test odoo.addons.base.models.ir_cron: Job done: `Discuss: channel member unmute` (0.005s). 
2026-07-31 09:33:45,595 1 INFO pos_margin_sale_test odoo.addons.base.models.ir_cron: Starting job `Users: Notify About Unregistered Users`. 
2026-07-31 09:33:45,601 1 INFO pos_margin_sale_test odoo.addons.base.models.ir_cron: Job done: `Users: Notify About Unregistered Users` (0.005s). 
2026-07-31 09:33:45,610 1 INFO pos_margin_sale_test odoo.addons.base.models.ir_cron: Starting job `Partner Autocomplete: Sync with remote DB`. 
2026-07-31 09:33:45,613 1 INFO pos_margin_sale_test odoo.addons.base.models.ir_cron: Job done: `Partner Autocomplete: Sync with remote DB` (0.002s). 
2026-07-31 09:33:45,621 1 INFO pos_margin_sale_test odoo.addons.base.models.ir_cron: Starting job `SMS: SMS Queue Manager`. 
2026-07-31 09:33:45,624 1 INFO pos_margin_sale_test odoo.addons.base.models.ir_cron: Job done: `SMS: SMS Queue Manager` (0.002s). 
2026-07-31 09:33:45,630 1 INFO pos_margin_sale_test odoo.addons.base.models.ir_cron: Starting job `Snailmail: process letters queue`. 
2026-07-31 09:33:45,634 1 INFO pos_margin_sale_test odoo.addons.base.models.ir_cron: Job done: `Snailmail: process letters queue` (0.003s). 
2026-07-31 09:33:45,640 1 INFO pos_margin_sale_test odoo.addons.base.models.ir_cron: Starting job `Send invoices automatically`. 
2026-07-31 09:33:45,650 1 INFO pos_margin_sale_test odoo.addons.base.models.ir_cron: Job done: `Send invoices automatically` (0.009s). 
2026-07-31 09:33:45,655 1 INFO pos_margin_sale_test odoo.addons.base.models.ir_cron: Starting job `Procurement: run scheduler`. 
2026-07-31 09:33:45,786 1 INFO pos_margin_sale_test odoo.addons.stock.models.stock_orderpoint: A batch of 4 orderpoints is processed and committed 
2026-07-31 09:33:45,842 1 INFO pos_margin_sale_test odoo.addons.stock.models.stock_rule: A batch of 6 moves are assigned and committed 
2026-07-31 09:33:45,846 1 INFO pos_margin_sale_test odoo.addons.stock.models.stock_rule: _run_scheduler_tasks is finished and committed 
2026-07-31 09:33:45,850 1 INFO pos_margin_sale_test odoo.addons.base.models.ir_cron: Job done: `Procurement: run scheduler` (0.194s). 
2026-07-31 09:33:45,855 1 INFO pos_margin_sale_test odoo.addons.base.models.ir_cron: Starting job `Sales: Send pending emails`. 
2026-07-31 09:33:45,857 1 INFO pos_margin_sale_test odoo.addons.base.models.ir_cron: Job done: `Sales: Send pending emails` (0.002s). 
2026-07-31 09:41:10,333 1 INFO pos_margin_sale_test werkzeug: 172.21.0.1 - - [31/Jul/2026 09:41:10] "GET /web/login HTTP/1.1" 200 - 7 0.002 0.008
2026-07-31 09:41:10,375 1 INFO ? werkzeug: 172.21.0.1 - - [31/Jul/2026 09:41:10] "GET /web/static/src/libs/fontawesome/fonts/fontawesome-webfont.woff2?v=4.7.0 HTTP/1.1" 304 - 0 0.000 0.002
2026-07-31 09:41:10,389 1 INFO pos_margin_sale_test werkzeug: 172.21.0.1 - - [31/Jul/2026 09:41:10] "GET /web/binary/company_logo HTTP/1.1" 200 - 5 0.004 0.005
2026-07-31 09:41:10,389 1 INFO pos_margin_sale_test werkzeug: 172.21.0.1 - - [31/Jul/2026 09:41:10] "GET /web/assets/faac1d0/web.assets_frontend.min.css HTTP/1.1" 200 - 7 0.005 0.006
2026-07-31 09:41:10,453 1 INFO ? werkzeug: 172.21.0.1 - - [31/Jul/2026 09:41:10] "GET /web/static/img/favicon.ico HTTP/1.1" 200 - 0 0.000 0.002
2026-07-31 09:41:10,459 1 INFO pos_margin_sale_test werkzeug: 172.21.0.1 - - [31/Jul/2026 09:41:10] "GET /web/assets/c84f785/web.assets_frontend_lazy.min.js HTTP/1.1" 200 - 7 0.002 0.006
2026-07-31 09:41:10,572 1 INFO pos_margin_sale_test werkzeug: 172.21.0.1 - - [31/Jul/2026 09:41:10] "GET /website/translations/a0904ff8e2c6bfa6bb5d9f87c1ef6d45fe749aa6 HTTP/1.1" 200 - 9 0.002 0.007
2026-07-31 09:41:12,449 1 INFO pos_margin_sale_test werkzeug: 172.21.0.1 - - [31/Jul/2026 09:41:12] "GET /web/service-worker.js HTTP/1.1" 200 - 5 0.001 0.006
2026-07-31 09:41:12,549 1 INFO pos_margin_sale_test werkzeug: 172.21.0.1 - - [31/Jul/2026 09:41:12] "GET /web/offline HTTP/1.1" 200 - 13 0.005 0.065
2026-07-31 09:41:28,877 1 INFO pos_margin_sale_test odoo.addons.base.models.res_users: Login successful for db:pos_margin_sale_test login:admin from 172.21.0.1 
2026-07-31 09:41:28,890 1 INFO pos_margin_sale_test odoo.modules.registry: Caches invalidated, signaling through the database: ['default'] 
2026-07-31 09:41:28,892 1 INFO pos_margin_sale_test werkzeug: 172.21.0.1 - - [31/Jul/2026 09:41:28] "POST /web/login HTTP/1.1" 303 - 69 0.040 0.328
2026-07-31 09:41:28,933 1 INFO pos_margin_sale_test odoo.addons.base.models.ir_attachment: _read_file reading /var/lib/odoo/filestore/pos_margin_sale_test/67/670e9ff9033932ebe066245e9ac5c3382cde45f4 
Traceback (most recent call last):
  File "/usr/lib/python3/dist-packages/odoo/tools/cache.py", line 99, in lookup
    r = d[key]
  File "<decorator-gen-5>", line 2, in __getitem__
  File "/usr/lib/python3/dist-packages/odoo/tools/func.py", line 87, in locked
    return func(inst, *args, **kwargs)
  File "/usr/lib/python3/dist-packages/odoo/tools/lru.py", line 34, in __getitem__
    a = self.d[obj]
KeyError: ('ir.ui.menu', <function IrUiMenu.load_menus at 0x73e6b9e60040>, 2, '', ('en_US',))

During handling of the above exception, another exception occurred:

Traceback (most recent call last):
  File "/usr/lib/python3/dist-packages/odoo/addons/base/models/ir_attachment.py", line 128, in _file_read
    with open(full_path, 'rb') as f:
FileNotFoundError: [Errno 2] No such file or directory: '/var/lib/odoo/filestore/pos_margin_sale_test/67/670e9ff9033932ebe066245e9ac5c3382cde45f4'
2026-07-31 09:41:28,934 1 INFO pos_margin_sale_test odoo.addons.base.models.ir_attachment: _read_file reading /var/lib/odoo/filestore/pos_margin_sale_test/1c/1c16002d10f6155661a6ae83417fee29e281fb7b 
Traceback (most recent call last):
  File "/usr/lib/python3/dist-packages/odoo/tools/cache.py", line 99, in lookup
    r = d[key]
  File "<decorator-gen-5>", line 2, in __getitem__
  File "/usr/lib/python3/dist-packages/odoo/tools/func.py", line 87, in locked
    return func(inst, *args, **kwargs)
  File "/usr/lib/python3/dist-packages/odoo/tools/lru.py", line 34, in __getitem__
    a = self.d[obj]
KeyError: ('ir.ui.menu', <function IrUiMenu.load_menus at 0x73e6b9e60040>, 2, '', ('en_US',))

During handling of the above exception, another exception occurred:

Traceback (most recent call last):
  File "/usr/lib/python3/dist-packages/odoo/addons/base/models/ir_attachment.py", line 128, in _file_read
    with open(full_path, 'rb') as f:
FileNotFoundError: [Errno 2] No such file or directory: '/var/lib/odoo/filestore/pos_margin_sale_test/1c/1c16002d10f6155661a6ae83417fee29e281fb7b'
2026-07-31 09:41:28,935 1 INFO pos_margin_sale_test odoo.addons.base.models.ir_attachment: _read_file reading /var/lib/odoo/filestore/pos_margin_sale_test/f3/f31bdf173e5748b875ca5e389e1edba54b4bff25 
Traceback (most recent call last):
  File "/usr/lib/python3/dist-packages/odoo/tools/cache.py", line 99, in lookup
    r = d[key]
  File "<decorator-gen-5>", line 2, in __getitem__
  File "/usr/lib/python3/dist-packages/odoo/tools/func.py", line 87, in locked
    return func(inst, *args, **kwargs)
  File "/usr/lib/python3/dist-packages/odoo/tools/lru.py", line 34, in __getitem__
    a = self.d[obj]
KeyError: ('ir.ui.menu', <function IrUiMenu.load_menus at 0x73e6b9e60040>, 2, '', ('en_US',))

During handling of the above exception, another exception occurred:

Traceback (most recent call last):
  File "/usr/lib/python3/dist-packages/odoo/addons/base/models/ir_attachment.py", line 128, in _file_read
    with open(full_path, 'rb') as f:
FileNotFoundError: [Errno 2] No such file or directory: '/var/lib/odoo/filestore/pos_margin_sale_test/f3/f31bdf173e5748b875ca5e389e1edba54b4bff25'
2026-07-31 09:41:28,936 1 INFO pos_margin_sale_test odoo.addons.base.models.ir_attachment: _read_file reading /var/lib/odoo/filestore/pos_margin_sale_test/5e/5e1a46f3ba53e2d6329ba3c74fa21b8acd8fd6c7 
Traceback (most recent call last):
  File "/usr/lib/python3/dist-packages/odoo/tools/cache.py", line 99, in lookup
    r = d[key]
  File "<decorator-gen-5>", line 2, in __getitem__
  File "/usr/lib/python3/dist-packages/odoo/tools/func.py", line 87, in locked
    return func(inst, *args, **kwargs)
  File "/usr/lib/python3/dist-packages/odoo/tools/lru.py", line 34, in __getitem__
    a = self.d[obj]
KeyError: ('ir.ui.menu', <function IrUiMenu.load_menus at 0x73e6b9e60040>, 2, '', ('en_US',))

During handling of the above exception, another exception occurred:

Traceback (most recent call last):
  File "/usr/lib/python3/dist-packages/odoo/addons/base/models/ir_attachment.py", line 128, in _file_read
    with open(full_path, 'rb') as f:
FileNotFoundError: [Errno 2] No such file or directory: '/var/lib/odoo/filestore/pos_margin_sale_test/5e/5e1a46f3ba53e2d6329ba3c74fa21b8acd8fd6c7'
2026-07-31 09:41:28,936 1 INFO pos_margin_sale_test odoo.addons.base.models.ir_attachment: _read_file reading /var/lib/odoo/filestore/pos_margin_sale_test/74/744fc247b813c44f4cf02357706e88b283cb0f97 
Traceback (most recent call last):
  File "/usr/lib/python3/dist-packages/odoo/tools/cache.py", line 99, in lookup
    r = d[key]
  File "<decorator-gen-5>", line 2, in __getitem__
  File "/usr/lib/python3/dist-packages/odoo/tools/func.py", line 87, in locked
    return func(inst, *args, **kwargs)
  File "/usr/lib/python3/dist-packages/odoo/tools/lru.py", line 34, in __getitem__
    a = self.d[obj]
KeyError: ('ir.ui.menu', <function IrUiMenu.load_menus at 0x73e6b9e60040>, 2, '', ('en_US',))

During handling of the above exception, another exception occurred:

Traceback (most recent call last):
  File "/usr/lib/python3/dist-packages/odoo/addons/base/models/ir_attachment.py", line 128, in _file_read
    with open(full_path, 'rb') as f:
FileNotFoundError: [Errno 2] No such file or directory: '/var/lib/odoo/filestore/pos_margin_sale_test/74/744fc247b813c44f4cf02357706e88b283cb0f97'
2026-07-31 09:41:28,937 1 INFO pos_margin_sale_test odoo.addons.base.models.ir_attachment: _read_file reading /var/lib/odoo/filestore/pos_margin_sale_test/3d/3d7a7360fe4a73a90dd3b4ba554a9254ed61e864 
Traceback (most recent call last):
  File "/usr/lib/python3/dist-packages/odoo/tools/cache.py", line 99, in lookup
    r = d[key]
  File "<decorator-gen-5>", line 2, in __getitem__
  File "/usr/lib/python3/dist-packages/odoo/tools/func.py", line 87, in locked
    return func(inst, *args, **kwargs)
  File "/usr/lib/python3/dist-packages/odoo/tools/lru.py", line 34, in __getitem__
    a = self.d[obj]
KeyError: ('ir.ui.menu', <function IrUiMenu.load_menus at 0x73e6b9e60040>, 2, '', ('en_US',))

During handling of the above exception, another exception occurred:

Traceback (most recent call last):
  File "/usr/lib/python3/dist-packages/odoo/addons/base/models/ir_attachment.py", line 128, in _file_read
    with open(full_path, 'rb') as f:
FileNotFoundError: [Errno 2] No such file or directory: '/var/lib/odoo/filestore/pos_margin_sale_test/3d/3d7a7360fe4a73a90dd3b4ba554a9254ed61e864'
2026-07-31 09:41:28,938 1 INFO pos_margin_sale_test odoo.addons.base.models.ir_attachment: _read_file reading /var/lib/odoo/filestore/pos_margin_sale_test/b7/b73a9deb85def8a1a00e4d545c4f79747d78f487 
Traceback (most recent call last):
  File "/usr/lib/python3/dist-packages/odoo/tools/cache.py", line 99, in lookup
    r = d[key]
  File "<decorator-gen-5>", line 2, in __getitem__
  File "/usr/lib/python3/dist-packages/odoo/tools/func.py", line 87, in locked
    return func(inst, *args, **kwargs)
  File "/usr/lib/python3/dist-packages/odoo/tools/lru.py", line 34, in __getitem__
    a = self.d[obj]
KeyError: ('ir.ui.menu', <function IrUiMenu.load_menus at 0x73e6b9e60040>, 2, '', ('en_US',))

During handling of the above exception, another exception occurred:

Traceback (most recent call last):
  File "/usr/lib/python3/dist-packages/odoo/addons/base/models/ir_attachment.py", line 128, in _file_read
    with open(full_path, 'rb') as f:
FileNotFoundError: [Errno 2] No such file or directory: '/var/lib/odoo/filestore/pos_margin_sale_test/b7/b73a9deb85def8a1a00e4d545c4f79747d78f487'
2026-07-31 09:41:29,206 1 INFO pos_margin_sale_test werkzeug: 172.21.0.1 - - [31/Jul/2026 09:41:29] "GET /web HTTP/1.1" 200 - 78 0.034 0.275
2026-07-31 09:41:29,240 1 INFO pos_margin_sale_test werkzeug: 172.21.0.1 - - [31/Jul/2026 09:41:29] "GET /web/manifest.webmanifest HTTP/1.1" 200 - 9 0.004 0.009
2026-07-31 09:41:29,247 1 INFO pos_margin_sale_test werkzeug: 172.21.0.1 - - [31/Jul/2026 09:41:29] "GET /web/webclient/load_menus/3a8008e2ee42c8876b453149ca7c0a3ed30717145e5b147b0a065802caa6f38f HTTP/1.1" 200 - 2 0.006 0.016
2026-07-31 09:41:29,248 1 INFO pos_margin_sale_test werkzeug: 172.21.0.1 - - [31/Jul/2026 09:41:29] "GET /web/webclient/translations/96c8fe7c5ebf8ae791eb4576243cc03de0f7c16b?lang=en_US HTTP/1.1" 200 - 3 0.006 0.016
2026-07-31 09:41:30,090 1 INFO pos_margin_sale_test odoo.addons.base.models.assetsbundle: Generating a new asset bundle attachment /web/assets/635ea4e/web.assets_web.min.css (id:854) 
2026-07-31 09:41:30,104 1 INFO pos_margin_sale_test werkzeug: 172.21.0.1 - - [31/Jul/2026 09:41:30] "GET /web/assets/635ea4e/web.assets_web.min.css HTTP/1.1" 200 - 15 0.022 0.857
2026-07-31 09:41:31,000 1 INFO pos_margin_sale_test odoo.addons.base.models.assetsbundle: Generating a new asset bundle attachment /web/assets/9ce0650/web.assets_web.min.js (id:855) 
2026-07-31 09:41:31,010 1 INFO pos_margin_sale_test werkzeug: 172.21.0.1 - - [31/Jul/2026 09:41:31] "GET /web/assets/9ce0650/web.assets_web.min.js HTTP/1.1" 200 - 11 0.008 1.776
2026-07-31 09:41:31,187 1 INFO pos_margin_sale_test odoo.addons.base.models.assetsbundle: Generating a new asset bundle attachment /web/assets/ba037c6/bus.websocket_worker_assets.min.js (id:856) 
2026-07-31 09:41:31,190 1 INFO pos_margin_sale_test werkzeug: 172.21.0.1 - - [31/Jul/2026 09:41:31] "GET /bus/websocket_worker_bundle?v=17.0-3 HTTP/1.1" 200 - 8 0.003 0.011
2026-07-31 09:41:31,200 1 INFO pos_margin_sale_test odoo.addons.partner_autocomplete.models.res_company: Starting enrich of company My Company (San Francisco) (1) 
2026-07-31 09:41:31,219 1 INFO pos_margin_sale_test odoo.addons.iap.tools.iap_tools: iap jsonrpc https://partner-autocomplete.odoo.com/api/dnb/1/enrich_by_domain 
2026-07-31 09:41:31,256 1 INFO pos_margin_sale_test werkzeug: 172.21.0.1 - - [31/Jul/2026 09:41:31] "POST /web/dataset/call_kw/res.users/systray_get_activities HTTP/1.1" 200 - 20 0.009 0.010
2026-07-31 09:41:31,265 1 INFO ? werkzeug: 172.21.0.1 - - [31/Jul/2026 09:41:31] "GET /web/static/img/odoo-icon-192x192.png HTTP/1.1" 304 - 0 0.000 0.002
2026-07-31 09:41:31,272 1 INFO pos_margin_sale_test werkzeug: 172.21.0.1 - - [31/Jul/2026 09:41:31] "GET /websocket?version=17.0-3 HTTP/1.1" 101 - 1 0.001 0.004
2026-07-31 09:41:31,275 1 INFO pos_margin_sale_test werkzeug: 172.21.0.1 - - [31/Jul/2026 09:41:31] "POST /mail/init_messaging HTTP/1.1" 200 - 56 0.050 0.034
2026-07-31 09:41:31,293 1 INFO pos_margin_sale_test werkzeug: 172.21.0.1 - - [31/Jul/2026 09:41:31] "POST /mail/load_message_failures HTTP/1.1" 200 - 11 0.004 0.007
2026-07-31 09:41:31,629 1 INFO ? odoo.addons.bus.models.bus: Bus.loop listen imbus on db postgres 
2026-07-31 09:41:32,959 1 INFO pos_margin_sale_test werkzeug: 172.21.0.1 - - [31/Jul/2026 09:41:32] "GET /web/service-worker.js HTTP/1.1" 200 - 1 0.000 0.039
2026-07-31 09:41:32,983 1 INFO pos_margin_sale_test werkzeug: 172.21.0.1 - - [31/Jul/2026 09:41:32] "GET /web/offline HTTP/1.1" 200 - 5 0.002 0.005
2026-07-31 09:41:36,475 1 INFO pos_margin_sale_test odoo.addons.iap.tools.iap_tools: iap jsonrpc https://partner-autocomplete.odoo.com/api/dnb/1/enrich_by_domain answered in 5.233239 seconds 
2026-07-31 09:41:36,513 1 INFO pos_margin_sale_test werkzeug: 172.21.0.1 - - [31/Jul/2026 09:41:36] "POST /web/dataset/call_kw/res.company/iap_enrich_auto HTTP/1.1" 200 - 32 0.037 5.284
2026-07-31 09:41:38,421 1 INFO pos_margin_sale_test werkzeug: 172.21.0.1 - - [31/Jul/2026 09:41:38] "POST /web/action/load HTTP/1.1" 200 - 6 0.005 0.005
2026-07-31 09:41:38,422 1 INFO pos_margin_sale_test odoo.addons.base.models.ir_attachment: _read_file reading /var/lib/odoo/filestore/pos_margin_sale_test/f6/f6ef5c3e4f6b0bb9264106dfa871c53b8ccbaf73 
Traceback (most recent call last):
  File "/usr/lib/python3/dist-packages/odoo/addons/base/models/ir_attachment.py", line 128, in _file_read
    with open(full_path, 'rb') as f:
FileNotFoundError: [Errno 2] No such file or directory: '/var/lib/odoo/filestore/pos_margin_sale_test/f6/f6ef5c3e4f6b0bb9264106dfa871c53b8ccbaf73'
2026-07-31 09:41:38,425 1 INFO pos_margin_sale_test werkzeug: 172.21.0.1 - - [31/Jul/2026 09:41:38] "GET /web/image?model=res.users&field=avatar_128&id=2 HTTP/1.1" 200 - 9 0.005 0.010
2026-07-31 09:41:38,429 1 INFO ? werkzeug: 172.21.0.1 - - [31/Jul/2026 09:41:38] "GET /web/static/lib/odoo_ui_icons/fonts/odoo_ui_icons.woff2 HTTP/1.1" 304 - 0 0.000 0.002
2026-07-31 09:41:38,499 1 INFO pos_margin_sale_test werkzeug: 172.21.0.1 - - [31/Jul/2026 09:41:38] "POST /mail/inbox/messages HTTP/1.1" 200 - 7 0.003 0.004
2026-07-31 09:41:38,526 1 INFO pos_margin_sale_test werkzeug: 172.21.0.1 - - [31/Jul/2026 09:41:38] "GET /discuss/channel/1/avatar_128?unique=1452d59c3cee5fb66443e29660b7ed8dd6a95e06dd1253328f2e93f47c420fe98f8d1363d4b1aff32a7a6164ec1daa71ee89b1f18d02bc7bbdc27845cfcb0253 HTTP/1.1" 200 - 4 0.001 0.005
2026-07-31 09:41:53,189 1 INFO pos_margin_sale_test odoo.addons.base.models.ir_attachment: _read_file reading /var/lib/odoo/filestore/pos_margin_sale_test/05/055ffc5cce56e142234ffc466012dff7edc2c7e7 
Traceback (most recent call last):
  File "/usr/lib/python3/dist-packages/odoo/tools/cache.py", line 99, in lookup
    r = d[key]
  File "<decorator-gen-5>", line 2, in __getitem__
  File "/usr/lib/python3/dist-packages/odoo/tools/func.py", line 87, in locked
    return func(inst, *args, **kwargs)
  File "/usr/lib/python3/dist-packages/odoo/tools/lru.py", line 34, in __getitem__
    a = self.d[obj]
KeyError: ('res.lang', <function Lang.get_available at 0x73e6b9023d90>)

During handling of the above exception, another exception occurred:

Traceback (most recent call last):
  File "/usr/lib/python3/dist-packages/odoo/addons/base/models/ir_attachment.py", line 128, in _file_read
    with open(full_path, 'rb') as f:
FileNotFoundError: [Errno 2] No such file or directory: '/var/lib/odoo/filestore/pos_margin_sale_test/05/055ffc5cce56e142234ffc466012dff7edc2c7e7'
2026-07-31 09:41:53,190 1 INFO pos_margin_sale_test odoo.addons.base.models.ir_attachment: _read_file reading /var/lib/odoo/filestore/pos_margin_sale_test/4d/4df107d37b0e444ee9fdf7f6c2dd4231c4c60e49 
Traceback (most recent call last):
  File "/usr/lib/python3/dist-packages/odoo/tools/cache.py", line 99, in lookup
    r = d[key]
  File "<decorator-gen-5>", line 2, in __getitem__
  File "/usr/lib/python3/dist-packages/odoo/tools/func.py", line 87, in locked
    return func(inst, *args, **kwargs)
  File "/usr/lib/python3/dist-packages/odoo/tools/lru.py", line 34, in __getitem__
    a = self.d[obj]
KeyError: ('res.lang', <function Lang.get_available at 0x73e6b9023d90>)

During handling of the above exception, another exception occurred:

Traceback (most recent call last):
  File "/usr/lib/python3/dist-packages/odoo/addons/base/models/ir_attachment.py", line 128, in _file_read
    with open(full_path, 'rb') as f:
FileNotFoundError: [Errno 2] No such file or directory: '/var/lib/odoo/filestore/pos_margin_sale_test/4d/4df107d37b0e444ee9fdf7f6c2dd4231c4c60e49'
2026-07-31 09:41:53,191 1 INFO pos_margin_sale_test odoo.addons.base.models.ir_attachment: _read_file reading /var/lib/odoo/filestore/pos_margin_sale_test/44/44d1661b24fa9f688091c8256535434b60aafba7 
Traceback (most recent call last):
  File "/usr/lib/python3/dist-packages/odoo/tools/cache.py", line 99, in lookup
    r = d[key]
  File "<decorator-gen-5>", line 2, in __getitem__
  File "/usr/lib/python3/dist-packages/odoo/tools/func.py", line 87, in locked
    return func(inst, *args, **kwargs)
  File "/usr/lib/python3/dist-packages/odoo/tools/lru.py", line 34, in __getitem__
    a = self.d[obj]
KeyError: ('res.lang', <function Lang.get_available at 0x73e6b9023d90>)

During handling of the above exception, another exception occurred:

Traceback (most recent call last):
  File "/usr/lib/python3/dist-packages/odoo/addons/base/models/ir_attachment.py", line 128, in _file_read
    with open(full_path, 'rb') as f:
FileNotFoundError: [Errno 2] No such file or directory: '/var/lib/odoo/filestore/pos_margin_sale_test/44/44d1661b24fa9f688091c8256535434b60aafba7'
2026-07-31 09:41:53,240 1 INFO pos_margin_sale_test werkzeug: 172.21.0.1 - - [31/Jul/2026 09:41:53] "GET /odoo/contacts HTTP/1.1" 404 - 39 0.012 0.046
2026-07-31 09:41:53,271 1 INFO pos_margin_sale_test werkzeug: 172.21.0.1 - - [31/Jul/2026 09:41:53] "GET /logo.png?company=1 HTTP/1.1" 200 - 2 0.001 0.007
2026-07-31 09:41:53,287 1 INFO pos_margin_sale_test werkzeug: 172.21.0.1 - - [31/Jul/2026 09:41:53] "GET /web_editor/shape/http_routing/404.svg?c2=o-color-2 HTTP/1.1" 400 - 17 0.007 0.015
2026-07-31 09:42:04,795 1 INFO pos_margin_sale_test werkzeug: 172.21.0.1 - - [31/Jul/2026 09:42:04] "GET /web HTTP/1.1" 200 - 12 0.003 0.009
2026-07-31 09:42:04,816 1 INFO pos_margin_sale_test werkzeug: 172.21.0.1 - - [31/Jul/2026 09:42:04] "GET /web/manifest.webmanifest HTTP/1.1" 200 - 7 0.002 0.006
2026-07-31 09:42:04,999 1 INFO pos_margin_sale_test werkzeug: 172.21.0.1 - - [31/Jul/2026 09:42:04] "GET /bus/websocket_worker_bundle?v=17.0-3 HTTP/1.1" 304 - 3 0.001 0.004
2026-07-31 09:42:05,034 1 INFO pos_margin_sale_test werkzeug: 172.21.0.1 - - [31/Jul/2026 09:42:05] "POST /mail/init_messaging HTTP/1.1" 200 - 34 0.009 0.013
2026-07-31 09:42:05,060 1 INFO pos_margin_sale_test werkzeug: 172.21.0.1 - - [31/Jul/2026 09:42:05] "POST /web/dataset/call_kw/res.users/systray_get_activities HTTP/1.1" 200 - 9 0.003 0.005
2026-07-31 09:42:05,081 1 INFO pos_margin_sale_test werkzeug: 172.21.0.1 - - [31/Jul/2026 09:42:05] "POST /mail/load_message_failures HTTP/1.1" 200 - 10 0.003 0.006
2026-07-31 09:42:05,086 1 INFO pos_margin_sale_test werkzeug: 172.21.0.1 - - [31/Jul/2026 09:42:05] "GET /websocket?version=17.0-3 HTTP/1.1" 101 - 1 0.000 0.002
2026-07-31 09:42:05,145 1 INFO pos_margin_sale_test werkzeug: 172.21.0.1 - - [31/Jul/2026 09:42:05] "POST /web/action/load HTTP/1.1" 200 - 6 0.004 0.006
2026-07-31 09:42:05,147 1 INFO pos_margin_sale_test odoo.addons.base.models.ir_attachment: _read_file reading /var/lib/odoo/filestore/pos_margin_sale_test/f6/f6ef5c3e4f6b0bb9264106dfa871c53b8ccbaf73 
Traceback (most recent call last):
  File "/usr/lib/python3/dist-packages/odoo/addons/base/models/ir_attachment.py", line 128, in _file_read
    with open(full_path, 'rb') as f:
FileNotFoundError: [Errno 2] No such file or directory: '/var/lib/odoo/filestore/pos_margin_sale_test/f6/f6ef5c3e4f6b0bb9264106dfa871c53b8ccbaf73'
2026-07-31 09:42:05,149 1 INFO pos_margin_sale_test werkzeug: 172.21.0.1 - - [31/Jul/2026 09:42:05] "GET /web/image?model=res.users&field=avatar_128&id=2 HTTP/1.1" 304 - 9 0.004 0.010
2026-07-31 09:42:05,191 1 INFO pos_margin_sale_test werkzeug: 172.21.0.1 - - [31/Jul/2026 09:42:05] "POST /mail/inbox/messages HTTP/1.1" 200 - 4 0.002 0.003
2026-07-31 09:42:06,716 1 INFO pos_margin_sale_test werkzeug: 172.21.0.1 - - [31/Jul/2026 09:42:06] "GET /web/service-worker.js HTTP/1.1" 200 - 1 0.000 0.002
2026-07-31 09:49:23,845 1 INFO pos_margin_sale_test werkzeug: 172.21.0.1 - - [31/Jul/2026 09:49:23] "POST /web/action/load HTTP/1.1" 200 - 10 0.013 0.009
2026-07-31 09:49:26,243 1 INFO pos_margin_sale_test werkzeug: 172.21.0.1 - - [31/Jul/2026 09:49:26] "POST /web/dataset/call_kw/sale.order/get_views HTTP/1.1" 200 - 102 0.031 0.044
2026-07-31 09:49:26,295 1 INFO pos_margin_sale_test werkzeug: 172.21.0.1 - - [31/Jul/2026 09:49:26] "POST /web/dataset/call_kw/res.users/has_group HTTP/1.1" 200 - 2 0.002 0.003
2026-07-31 09:49:26,329 1 INFO pos_margin_sale_test werkzeug: 172.21.0.1 - - [31/Jul/2026 09:49:26] "POST /web/dataset/call_kw/sale.order/web_search_read HTTP/1.1" 200 - 26 0.020 0.017
2026-07-31 09:49:26,529 1 INFO pos_margin_sale_test odoo.addons.base.models.ir_attachment: _read_file reading /var/lib/odoo/filestore/pos_margin_sale_test/f6/f6ef5c3e4f6b0bb9264106dfa871c53b8ccbaf73 
Traceback (most recent call last):
  File "/usr/lib/python3/dist-packages/odoo/addons/base/models/ir_attachment.py", line 128, in _file_read
    with open(full_path, 'rb') as f:
FileNotFoundError: [Errno 2] No such file or directory: '/var/lib/odoo/filestore/pos_margin_sale_test/f6/f6ef5c3e4f6b0bb9264106dfa871c53b8ccbaf73'
2026-07-31 09:49:26,529 1 INFO pos_margin_sale_test odoo.addons.base.models.ir_attachment: _read_file reading /var/lib/odoo/filestore/pos_margin_sale_test/fe/feec584f963736452b620ab99d007a7472d50e4d 
Traceback (most recent call last):
  File "/usr/lib/python3/dist-packages/odoo/addons/base/models/ir_attachment.py", line 128, in _file_read
    with open(full_path, 'rb') as f:
FileNotFoundError: [Errno 2] No such file or directory: '/var/lib/odoo/filestore/pos_margin_sale_test/fe/feec584f963736452b620ab99d007a7472d50e4d'
2026-07-31 09:49:26,531 1 INFO pos_margin_sale_test werkzeug: 172.21.0.1 - - [31/Jul/2026 09:49:26] "GET /web/image/res.users/2/avatar_128 HTTP/1.1" 200 - 9 0.006 0.008
2026-07-31 09:49:26,533 1 INFO pos_margin_sale_test werkzeug: 172.21.0.1 - - [31/Jul/2026 09:49:26] "GET /web/image/res.users/6/avatar_128 HTTP/1.1" 200 - 9 0.006 0.010
2026-07-31 09:49:51,585 1 INFO pos_margin_sale_test werkzeug: 172.21.0.1 - - [31/Jul/2026 09:49:51] "POST /web/action/load HTTP/1.1" 200 - 10 0.003 0.005
2026-07-31 09:49:53,986 1 INFO pos_margin_sale_test werkzeug: 172.21.0.1 - - [31/Jul/2026 09:49:53] "POST /web/dataset/call_kw/sale.order/get_views HTTP/1.1" 200 - 10 0.003 0.012
2026-07-31 09:49:54,051 1 INFO pos_margin_sale_test werkzeug: 172.21.0.1 - - [31/Jul/2026 09:49:54] "POST /web/dataset/call_kw/sale.order/web_search_read HTTP/1.1" 200 - 17 0.007 0.012
2026-07-31 09:49:54,123 1 INFO pos_margin_sale_test odoo.addons.base.models.ir_attachment: _read_file reading /var/lib/odoo/filestore/pos_margin_sale_test/f6/f6ef5c3e4f6b0bb9264106dfa871c53b8ccbaf73 
Traceback (most recent call last):
  File "/usr/lib/python3/dist-packages/odoo/addons/base/models/ir_attachment.py", line 128, in _file_read
    with open(full_path, 'rb') as f:
FileNotFoundError: [Errno 2] No such file or directory: '/var/lib/odoo/filestore/pos_margin_sale_test/f6/f6ef5c3e4f6b0bb9264106dfa871c53b8ccbaf73'
2026-07-31 09:49:54,125 1 INFO pos_margin_sale_test werkzeug: 172.21.0.1 - - [31/Jul/2026 09:49:54] "GET /web/image/res.users/2/avatar_128 HTTP/1.1" 304 - 9 0.003 0.008
2026-07-31 09:52:16,067 1 INFO pos_margin_sale_test werkzeug: 172.21.0.1 - - [31/Jul/2026 09:52:16] "POST /web/dataset/call_kw/sale.order/web_search_read HTTP/1.1" 200 - 17 0.005 0.012
2026-07-31 09:52:19,545 1 INFO pos_margin_sale_test odoo.addons.base.models.ir_attachment: _read_file reading /var/lib/odoo/filestore/pos_margin_sale_test/f6/f6ef5c3e4f6b0bb9264106dfa871c53b8ccbaf73 
Traceback (most recent call last):
  File "/usr/lib/python3/dist-packages/odoo/addons/base/models/ir_attachment.py", line 128, in _file_read
    with open(full_path, 'rb') as f:
FileNotFoundError: [Errno 2] No such file or directory: '/var/lib/odoo/filestore/pos_margin_sale_test/f6/f6ef5c3e4f6b0bb9264106dfa871c53b8ccbaf73'
2026-07-31 09:52:19,547 1 INFO pos_margin_sale_test werkzeug: 172.21.0.1 - - [31/Jul/2026 09:52:19] "GET /web/image/res.users/2/avatar_128 HTTP/1.1" 304 - 9 0.004 0.011
2026-07-31 09:52:32,446 1 INFO pos_margin_sale_test odoo.service.server: Initiating shutdown 
2026-07-31 09:52:32,447 1 INFO pos_margin_sale_test odoo.service.server: Hit CTRL-C again or send a second signal to force the shutdown. 
2026-07-31 09:52:32,614 1 INFO pos_margin_sale_test odoo.sql_db: ConnectionPool(used=0/count=0/max=64): Closed 4 connections  
